18:52:31  INFO      Processing 3 file(s) → output dir: data_output
18:52:31  INFO      Processing batch_1.csv
18:52:31  INFO        Resolving 5 unique chemical name(s) via PubChem...
18:52:33  INFO      HTTP Request: GET https://pubchem.ncbi.nlm.nih.gov/rest/pug/compound/name/Cresol/synonyms/JSON "HTTP/1.1 404 PUGREST.NotFound"
18:52:33  INFO      HTTP Request: GET https://pubchem.ncbi.nlm.nih.gov/rest/pug/compound/name/Soy%20flour%20(defatted)/synonyms/JSON "HTTP/1.1 404 PUGREST.NotFound"
18:52:33  WARNING   PubChem: no compound found for 'Cresol'
18:52:33  WARNING   PubChem: no compound found for 'Soy flour (defatted)'
18:52:33  INFO      HTTP Request: GET https://pubchem.ncbi.nlm.nih.gov/rest/pug/compound/name/Acetone/synonyms/JSON "HTTP/1.1 200 OK"
18:52:33  INFO      HTTP Request: GET https://pubchem.ncbi.nlm.nih.gov/rest/pug/compound/name/Citric/synonyms/JSON "HTTP/1.1 200 OK"
18:52:33  INFO      HTTP Request: GET https://pubchem.ncbi.nlm.nih.gov/rest/pug/compound/name/Ethanol/synonyms/JSON "HTTP/1.1 200 OK"
18:52:34  INFO        Resolved 3 / 5 names
18:52:34  WARNING     Could not resolve CAS for: 'Cresol'
18:52:34  WARNING     Could not resolve CAS for: 'Soy flour (defatted)'
18:52:34  INFO        Written → data_output/batch_1.csv
18:52:34  INFO      Processing batch_2.csv
18:52:34  INFO        Resolving 18 unique chemical name(s) via PubChem...
18:52:34  INFO      HTTP Request: GET https://pubchem.ncbi.nlm.nih.gov/rest/pug/compound/name/Acetone/synonyms/JSON "HTTP/1.1 200 OK"
18:52:34  INFO      HTTP Request: GET https://pubchem.ncbi.nlm.nih.gov/rest/pug/compound/name/Xylene/synonyms/JSON "HTTP/1.1 404 PUGREST.NotFound"
18:52:34  INFO      HTTP Request: GET https://pubchem.ncbi.nlm.nih.gov/rest/pug/compound/name/Formalin/synonyms/JSON "HTTP/1.1 200 OK"
18:52:34  WARNING   PubChem: no compound found for 'Xylene'
18:52:34  INFO      HTTP Request: GET https://pubchem.ncbi.nlm.nih.gov/rest/pug/compound/name/Sodium%20chloride/synonyms/JSON "HTTP/1.1 200 OK"
18:52:34  INFO      HTTP Request: GET https://pubchem.ncbi.nlm.nih.gov/rest/pug/compound/name/Ethanol/synonyms/JSON "HTTP/1.1 200 OK"
18:52:34  INFO      HTTP Request: GET https://pubchem.ncbi.nlm.nih.gov/rest/pug/compound/name/Dichloromethane/synonyms/JSON "HTTP/1.1 200 OK"
18:52:34  INFO      HTTP Request: GET https://pubchem.ncbi.nlm.nih.gov/rest/pug/compound/name/Isopropyl%20alcohol/synonyms/JSON "HTTP/1.1 503 PUGREST.ServerBusy"
18:52:34  WARNING   Rate limit hit for 'Isopropyl alcohol' — retrying in 2.0s
18:52:34  INFO      HTTP Request: GET https://pubchem.ncbi.nlm.nih.gov/rest/pug/compound/name/Potassium%20permanganate/synonyms/JSON "HTTP/1.1 503 PUGREST.ServerBusy"
18:52:34  WARNING   Rate limit hit for 'Potassium permanganate' — retrying in 2.0s
18:52:35  INFO      HTTP Request: GET https://pubchem.ncbi.nlm.nih.gov/rest/pug/compound/name/Hydrogen%20peroxide/synonyms/JSON "HTTP/1.1 200 OK"
18:52:35  INFO      HTTP Request: GET https://pubchem.ncbi.nlm.nih.gov/rest/pug/compound/name/Oxalic%20acid/synonyms/JSON "HTTP/1.1 200 OK"
18:52:35  INFO      HTTP Request: GET https://pubchem.ncbi.nlm.nih.gov/rest/pug/compound/name/Magnesium%20sulfate/synonyms/JSON "HTTP/1.1 200 OK"
18:52:35  INFO      HTTP Request: GET https://pubchem.ncbi.nlm.nih.gov/rest/pug/compound/name/Dichloroethane/synonyms/JSON "HTTP/1.1 200 OK"
18:52:35  INFO      HTTP Request: GET https://pubchem.ncbi.nlm.nih.gov/rest/pug/compound/name/Toluenne/synonyms/JSON "HTTP/1.1 404 PUGREST.NotFound"
18:52:35  WARNING   PubChem: no compound found for 'Toluenne'
18:52:35  INFO      HTTP Request: GET https://pubchem.ncbi.nlm.nih.gov/rest/pug/compound/name/Phosphoric%20acid/synonyms/JSON "HTTP/1.1 200 OK"
18:52:35  INFO      HTTP Request: GET https://pubchem.ncbi.nlm.nih.gov/rest/pug/compound/name/Diethyl%20ether/synonyms/JSON "HTTP/1.1 200 OK"
18:52:35  INFO      HTTP Request: GET https://pubchem.ncbi.nlm.nih.gov/rest/pug/compound/name/Ammonium%20sulfate/synonyms/JSON "HTTP/1.1 200 OK"
18:52:35  INFO      HTTP Request: GET https://pubchem.ncbi.nlm.nih.gov/rest/pug/compound/name/Adhesive%20sealant%20MS-180/synonyms/JSON "HTTP/1.1 404 PUGREST.NotFound"
18:52:35  WARNING   PubChem: no compound found for 'Adhesive sealant MS-180'
18:52:35  INFO      HTTP Request: GET https://pubchem.ncbi.nlm.nih.gov/rest/pug/compound/name/Citric%20acid/synonyms/JSON "HTTP/1.1 200 OK"
18:52:37  INFO      HTTP Request: GET https://pubchem.ncbi.nlm.nih.gov/rest/pug/compound/name/Isopropyl%20alcohol/synonyms/JSON "HTTP/1.1 200 OK"
18:52:37  INFO      HTTP Request: GET https://pubchem.ncbi.nlm.nih.gov/rest/pug/compound/name/Potassium%20permanganate/synonyms/JSON "HTTP/1.1 200 OK"
18:52:39  INFO        Resolved 15 / 18 names
18:52:39  WARNING     Could not resolve CAS for: 'Xylene'
18:52:39  WARNING     Could not resolve CAS for: 'Toluenne'
18:52:39  WARNING     Could not resolve CAS for: 'Adhesive sealant MS-180'
18:52:39  INFO        Written → data_output/batch_2.csv
18:52:39  INFO      Processing batch_3.csv
18:52:39  INFO        Resolving 11 unique chemical name(s) via PubChem...
18:52:40  INFO      HTTP Request: GET https://pubchem.ncbi.nlm.nih.gov/rest/pug/compound/name/Sodium%20chloride/synonyms/JSON "HTTP/1.1 200 OK"
18:52:40  INFO      HTTP Request: GET https://pubchem.ncbi.nlm.nih.gov/rest/pug/compound/name/Propyl%20alcohol/synonyms/JSON "HTTP/1.1 200 OK"
18:52:40  INFO      HTTP Request: GET https://pubchem.ncbi.nlm.nih.gov/rest/pug/compound/name/Sodium%20bicarb/synonyms/JSON "HTTP/1.1 404 PUGREST.NotFound"
18:52:40  INFO      HTTP Request: GET https://pubchem.ncbi.nlm.nih.gov/rest/pug/compound/name/Acetone/synonyms/JSON "HTTP/1.1 200 OK"
18:52:40  WARNING   PubChem: no compound found for 'Sodium bicarb'
18:52:40  INFO      HTTP Request: GET https://pubchem.ncbi.nlm.nih.gov/rest/pug/compound/name/Butyl%20acetate/synonyms/JSON "HTTP/1.1 200 OK"
18:52:40  INFO      HTTP Request: GET https://pubchem.ncbi.nlm.nih.gov/rest/pug/compound/name/Naphthol/synonyms/JSON "HTTP/1.1 200 OK"
18:52:40  INFO      HTTP Request: GET https://pubchem.ncbi.nlm.nih.gov/rest/pug/compound/name/Sodium%20acetate/synonyms/JSON "HTTP/1.1 200 OK"
18:52:40  INFO      HTTP Request: GET https://pubchem.ncbi.nlm.nih.gov/rest/pug/compound/name/Benzoic%20acid/synonyms/JSON "HTTP/1.1 200 OK"
18:52:40  INFO      HTTP Request: GET https://pubchem.ncbi.nlm.nih.gov/rest/pug/compound/name/Acetic%20acid/synonyms/JSON "HTTP/1.1 200 OK"
18:52:40  INFO      HTTP Request: GET https://pubchem.ncbi.nlm.nih.gov/rest/pug/compound/name/Acetonitrile/synonyms/JSON "HTTP/1.1 200 OK"
18:52:40  INFO      HTTP Request: GET https://pubchem.ncbi.nlm.nih.gov/rest/pug/compound/name/Triethylamine/synonyms/JSON "HTTP/1.1 503 PUGREST.ServerBusy"
18:52:40  WARNING   Rate limit hit for 'Triethylamine' — retrying in 2.0s
18:52:42  INFO      HTTP Request: GET https://pubchem.ncbi.nlm.nih.gov/rest/pug/compound/name/Triethylamine/synonyms/JSON "HTTP/1.1 200 OK"
18:52:43  INFO        Resolved 10 / 11 names
18:52:43  WARNING     Could not resolve CAS for: 'Sodium bicarb'
18:52:43  INFO        Written → data_output/batch_3.csv
18:52:43  INFO      Done. 3 file(s) written.
